[    0.000000] Linux version 4.15.0-45-generic (buildd@lgw01-amd64-031) (gcc version 7.3.0 (Ubuntu 7.3.0-16ubuntu3)) #48-Ubuntu SMP Tue Jan 29 16:28:13 UTC 219 (Uuntu 4.15.0-45.48-generic 4.15.18)
[    0.000000] Command line: BOOT_IMAGE=/boot/vmlinuz-4.15.0-45-generic root=UUID=af6a9a88-b4b3-447b-9e06-ddef1f1da281 ro console=tty1 console=ttyS0
[    0.000000] KERNEL supported cpus:
[    0.000000]   Intel GenuineIntel
[    0.000000]   AMD AuthenticAMD
[    0.000000]   Centaur CentaurHauls
[    0.000000] x86/fpu: Supporting XSAVE feature 0x001: 'x87 floating point registers'
[    0.000000] x86/fpu: Supporting XSAVE featur0x002: 'SSE registers'
[    0.000000] x86/fpuSupportg SAVE featurex004: 'VXegisters'
[    0.000000] x86/fpu: xstate_offset[2]:  576, xstate_sizes[2]:  256
[    0.000000] x86/fpu: Enabled xstate features 0x7, context size is 832 bytes, using 'standard' format.
[    0.000000] e820: BIOS-provided physical RAM map:
[   .000000] BIOS-e0:[mem 0x0000000000000000-0x000000000009fbff] usable
[    0.000000] BIOS-e820: [mem 0x000000000009fc00-0x000000000009ffff] reserved
[    0.000000] BIOS-e820: [mem 0x00000000000f0000-0x00000000000fffff] reserved
[    0.000000] BIOS-e820: [mem 0x0000000000100000-0x000000003ffeffff] usable
[    0.000000] BIOS-e820: [mem 0x000000003fff0000-0x000000003fffffff] ACPI data
[    0.000000] BIOS-e820: [mem 0x00000000fec00000-0x00000000fec00fff] reserved
[    0.000000 BOS-e820: [mem 0x00000000fee00000-0x00000000fee00fff] reserved
[    0.000000] BIOS-e820: [mem 0x00000000fffc0000-0x00000000ffffffff] reserved
[  0000000] NX (ExeutDisableprtection: actie
[    0.000000] SMBIOS 2.5 present.
[    0.00000] DMI: innotek GmbH VirtualBox/VirtualBox, BIOS VirtualBox 12/01/2006
[    0.000000] Hypervisor deteced: KVM
[    0.000000] e82: laspf = 0x3fff0 max_arch_pfn = 0x400000000
[    0.000000] MTRR: Disabled
[    0.000000] x86/PAT: MTRRs disabled, skipping PAT initialization too.
[    0.000000] CPU MTRRs all blank - virualizedsystem.
[    .00000x86/PAT: Coigration [0-7]: WB  WT  UC- UC  WB  WT  UC- UC  
[    0.000000] found SMP MP-table at [mem 0x0009fff0-0x0009ffff] mapped at [        (ptrval)]
[    0.000000] Scanning 1 areas for low memory corruption
[    0.000000] RAMDISK: [mem 0x359d5000-0x36ce1fff]
[  0.00000]CPI: Early table checksum verification disabled
[    0.000000] ACPI: RSDP 0x00000000000E0000 000024 (v02 VBOX  )
[    0.000000] ACPI: XSDT 0x000000003FFF0030 00003C (v01 VBOX   VBOXXSDT 00000001 ASL  00000061)
[    0.000000] ACPI: FACP 0x000000003FFF00F0 0000F4 (v04 VBOX   VBOXFACP 00000001 ASL  00000061)
[    0.000000] ACPI: DSDT 0x000000003FFF0470 0021FF (v02 VBOX   VBOXBIOS 00000002 INTL 20100528)
[    0.000000] ACPI: FACS 0x000000003FFF0200 000040
[    0.000000] ACPI: FACS 0x000000003FFF0200 000040
[    0.000000] ACPI: APIC 0x000000003FFF0240 00005C (v02 VBOX   VBOXAPIC 00000001 ASL  00000061)
[    0.000000] ACPI: SSDT 0x000000003FFF02A0 0001CC (v01 VBOX   VBOXCPUT 00000002 INTL 20100528)
[    0.000000] No NUMA configuration found
[    0.000000] Faking a node at [mem 0x0000000000000000-0x000000003ffeffff]
[    0.000000] NODE_DATA(0) allocated [mem 0x3ffc5000-0x3ffeffff]
[    0.000000] kvm-clock: cpu 0, msr 0:3ff44001, primary cpu clock
[    0.000000] kvm-clock: Using msrs 4b564d01 and 4b564d00
[    0.000000] kvm-clock: using sched offset of 5892255041 cycles
[    0.000000] clocksource: kvm-clock: mask: 0xffffffffffffffff max_cycles: 0x1cd42e4dffb, max_idle_ns: 881590591483 ns
[    0.000000] Zone ranges:
[    0.000000]   DMA      [mem 0x0000000000001000-0x0000000000ffffff]
[    0.000000]   DMA32    [mem 0x0000000001000000-0x000000003ffeffff]
[    0.000000]   Normal   empty
[    0.000000]   Device   empty
[    0.000000] Movable zone start for each node
[    0.000000] Early memory node ranges
[    0.000000]   node   0: [mem 0x0000000000001000-0x000000000009efff]
[    0.000000]   node   0: [mem 0x0000000000100000-0x000000003ffeffff]
[    0.000000] Reserved but unavailable: 114 pages
[    0.000000] Initmem setup node 0 [mem 0x0000000000001000-0x00000003efff]    0.000000] API: PM-Timer IO Port: 0x4008
[    0.000000] IOAPIC[0]: apic_id 2, version 32, address 0xfec00000, GSI 0-23
[    0.000000] ACPI: INT_SRC_OVR (bus 0 bus_irq 0 global_irq 2 dfl dfl)
[    0.000000] ACPI: INT_SRC_OVR (bus 0 bus_irq 9 global_irq 9 low level)
[    0.000000] Using ACPI (MADT) for SMP configuration information
[    0.00000 spboot: Allowig CPUs, hopluCPs
[  0.000000] PM: Registered nosave memory: [mem 0x00000000-0x00000fff]
[    0.000000] PM: Registered nosave memory: [mem 0x0009f000-0x0009ffff]
[    0.000000] PM: Registered nosave memory: [mem 0x000a0000-0x000effff]
[    0.000000] PM: Registered nosave memory: [mem 0x000f0000-0x000fffff]
[    0.000000] e820: [mem 0x40000000-0xfebfffff] available for PCI devices
[    0.000000] Booting paravirtualized kernel on KVM
[    0.000000] clocksource: refined-jiffies: mask: 0xffffffff max_cycles: 0xfffffff, max_idle_ns: 7645519600211568 ns
[    0.000000] random: get_randombyes called fr start_kerl+x99/0x4fdith crn_it=0
[  0000000] setupecpu: NR_CPUS:8192 nr_cpumask_bits:2 nr_cpu_ids:2 nr_node_ids:1
[    0.000000] percpu: Embedded 46 pages/cpu @        (ptrval) s151552 r8192 d28672 u1048576
[    0.000000] PV qspinlock hash table entries: 256 (order: 0, 4096 bytes)
[    0.000000] Built 1 zonelists,obility ouing on.  Total pages: 257913
[    0.000000] Policy zone: DMA32
[    0.000000] Kernel command line: BOOT_IMAGE=/boot/vmlinuz-4.15.0-45-neric otUUID=af6a8-b4b44b-9e06-ddef1da81 ro nsle=tty1onole=ttyS0
[    0.0000] Memory: 983076K/1048120K available(1300K kernel ce, 2473K rwdata, 4252K rodata, 2408K init, 2416K bss, 65044K reserved, 0K cma-reserved)
[    0.000000] SLUB: HWalign=64, Order=0-3, MinObjects=0, CPUs=2, Nodes=1
[    0.000000] Kernel/User page tables isolation: enabled
[    0.000000] ftrace: allocating 39194 entries in 154 pages
[    0.004000] Hierarchical RCU implementation.
[    0.004000] 	RCU restricting CPUs from NR_CPUS=8192 to nr_cpu_ids=2.
[    0.004000] 	Tasks RCU enabled.
[    0.004000] RCU: Adjusting geometry for rcu_fanout_leaf=16, nr_cpu_ids=2
[    0.004000] NR_IRQS: 524544, nr_irqs: 440, preallocated irqs: 16
[    0.004000] Console: colour VGA+ 80x25
[    0.004000] console [tty1] enabled
[    0.004000] console [ttyS0] enabled
[    0.004000] ACPI: Core revision 20170831
[    0.004000] ACPI: 2 ACPI AML tables successfully acquired and loaded
[    0.004000] APIC: Switch to symmetric I/O mode setup
[    0.004566] x2apic enabled
[    0.007268] Switched APIC routing to physical x2apic.
[    0.009032] ..TIMER: vector=0x30 apic1=0 pin1=2 apic2=-1 pin2=-1
[    0.012005] tsc: Detected 2304.000 MHz processor
[    0.013319] Calibrating delay loop (skipped) preset value.. 4608.00 BogoMIPS (lpj=9216000)
[    0.016009] pid_max: default: 32768 minimum: 301
[    0.017405] Security Framework initialized
[    0.020008] Yama: becoming mindful.
[    0.021081] AppArmor: AppArmor initialized
[    0.024055] Dentry cache hash table entries: 131072 (order: 8, 1048576 bytes)
[    0.028086] Inode-cache hash table entries: 65536 (order: 7, 524288 bytes)
[    0.032014] Mount-cache hash table entries: 2048 (order: 2, 16384 bytes)
[    0.036006] Mountpoint-cache hash table entries: 2048 (order: 2, 16384 bytes)
[    0.040211] mce: CPU supports 0 MCE banks
[    0.041419] Last level iTLB entries: 4KB 64, 2MB 8, 4MB 8
[    0.044002] Last level dTLB entries: 4KB 64, 2MB 0, 4MB 0, 1GB 4
[    0.045314] Spectre V2 : Mitigation: Full generic retpoline
[    0.046533] Spectre V2 : Spectre v2 / SpectreRSB mitigation: Filling RSB on context switch
[    0.048001] Speculative Store Bypass: Vulnerable
[    0.049107] Freeing SMP alternatives memory: 36K
[    0.052000] smpboot: CPU0: Intel(R) Core(TM) i5-7360U CPU @ 2.30GHz (family: 0x6, model: 0x8e, stepping: 0x9)
[    0.052059] Performance Events: unsupported p6 CPU model 142 no PMU driver, software events only.
[    0.054601] Hierarchical SRCU implementation.
[    0.056518] NMI watchdog: Perf event create on CPU 0 failed with -2
[    0.057965] NMI watchdog: Perf NMI watchdog permanently disabled
[    0.060041] smp: Bringing up secondary CPUs ...
[    0.064069] x86: Booting SMP configuration:
[    0.068002] .... node  #0, CPUs:      #1
[    0.004000] kvm-clock: cpu 1, msr 0:3ff44041, secondary cpu clock
[    0.004000] mce: CPU supports 0 MCE banks
[    0.072017] smp: Brought up 1 node, 2 CPUs
[    0.076014] smpboot: Max logical packages: 1
[    0.077263] smpboot: Total of 2 processors activated (9216.00 BogoMIPS)
[    0.080191] devtmpfs: initialized
[    0.084066] x86/mm: Memory block size: 128MB
[    0.088132] evm: security.selinux
[    0.092012] evm: security.SMACK64
[    0.096005] evm: security.SMACK64EXEC
[    0.100003] evm: security.SMACK64TRANSMUTE
[    0.104003] evm: security.SMACK64MMAP
[    0.108002] evm: security.apparmor
[    0.112003] evm: security.ima
[    0.116002] evm: security.capability
[    0.117124] clocksource: jiffies: mask: 0xffffffff max_cycles: 0xffffffff, max_idle_ns: 7645041785100000 ns
[    0.120007] futex hash table entries: 512 (order: 3, 32768 bytes)
[    0.121842] pinctrl core: initialized pinctrl subsystem
[    0.125605] RTC time:  5:24:43, date: 02/17/19
[    0.128183] NET: Registered protocol family 16
[    0.132080] audit: initializing netlink subsys (disabled)
[    0.136043] audit: type=2000 audit(1550381087.468:1): state=initialized audit_enabled=0 res=1
[    0.248012] cpuidle: using governor ladder
[    0.252011] cpuidle: using governor menu
[    0.256054] ACPI: bus type PCI registered
[    0.260004] acpiphp: ACPI Hot Plug PCI Controller Driver version: 0.5
[    0.264126] PCI: Using configuration type 1 for base access
[    0.269001] HugeTLB registered 2.00 MiB page size, pre-allocated 0 pages
[    0.272104] ACPI: Added _OSI(Module Device)
[    0.276004] ACPI: Added _OSI(Processor Device)
[    0.280003] ACPI: Added _OSI(3.0 _SCP Extensions)
[    0.284004] ACPI: Added _OSI(Processor Aggregator Device)
[    0.288005] ACPI: Added _OSI(Linux-Dell-Video)
[    0.292005] ACPI: Added _OSI(Linux-Lenovo-NV-HDMI-Audio)
[    0.296004] ACPI: Added _OSI(Linux-HPI-Hybrid-Graphics)
[    0.300466] ACPI: Executed 1 blocks of module-level executable AML code
[    0.307042] ACPI: Interpreter enabled
[    0.308015] ACPI: (supports S0 S5)
[    0.309071] ACPI: Using IOAPIC for interrupt routing
[    0.310705] PCI: Using host bridge windows from ACPI; if necessary, use "pci=nocrs" and report a bug
[    0.312231] ACPI: Enabled 2 GPEs in block 00 to 07
[    0.324534] ACPI: PCI Root Bridge [PCI0] (domain 0000 [bus 00-ff])
[    0.326544] acpi PNP0A03:00: _OSC: OS supports [ASPM ClockPM Segments MSI]
[    0.328084] acpi PNP0A03:00: _OSC: not requesting OS control; OS requires [ExtendedConfig ASPM ClockPM MSI]
[    0.332032] acpi PNP0A03:00: fail to add MMCONFIG information, can't access extended PCI configuration space under this bridge.
[    0.336956] PCI host bridge to bus 0000:00
[    0.340010] pci_bus 0000:00: root bus resource [io  0x0000-0x0cf7 window]
[    0.344012] pci_bus 0000:00: root bus resource [io  0x0d00-0xffff window]
[    0.348013] pci_bus 0000:00: root bus resource [mem 0x000a0000-0x000bffff window]
[    0.352011] pci_bus 0000:00: root bus resource [mem 0x40000000-0xfdffffff window]
[    0.356013] pci_bus 0000:00: root bus resource [bus 00-ff]
[    0.367122] pci 0000:00:01.1: legacy IDE quirk: reg 0x10: [io  0x01f0-0x01f7]
[    0.368009] pci 0000:00:01.1: legacy IDE quirk: reg 0x14: [io  0x03f6]
[    0.369854] pci 0000:00:01.1: legacy IDE quirk: reg 0x18: [io  0x0170-0x0177]
[    0.372009] pci 0000:00:01.1: legacy IDE quirk: reg 0x1c: [io  0x0376]
[    0.391138] pci 0000:00:07.0: quirk: [io  0x4000-0x403f] claimed by PIIX4 ACPI
[    0.392024] pci 0000:00:07.0: quirk: [io  0x4100-0x410f] claimed by PIIX4 SMB
[    0.409197] ACPI: PCI Interrupt Link [LNKA] (IRQs 5 9 10 *11)
[    0.412320] ACPI: PCI Interrupt Link [LNKB] (IRQs 5 9 *10 11)
[    0.416178] ACPI: PCI Interrupt Link [LNKC] (IRQs 5 *9 10 11)
[    0.420180] ACPI: PCI Interrupt Link [LNKD] (IRQs 5 9 10 *11)
[    0.424395] SCSI subsystem initialized
[    0.428083] pci 0000:00:02.0: vgaarb: setting as boot VGA device
[    0.432000] pci 0000:00:02.0: vgaarb: VGA device added: decodes=io+mem,owns=io+mem,locks=none
[    0.432012] pci 0000:00:02.0: vgaarb: bridge control possible
[    0.436003] vgaarb: loaded
[    0.440051] ACPI: bus type USB registered
[    0.444032] usbcore: registered new interface driver usbfs
[    0.448009] usbcore: registered new interface driver hub
[    0.452031] usbcore: registered new device driver usb
[    0.456102] EDAC MC: Ver: 3.0.0
[    0.457317] PCI: Using ACPI for IRQ routing
[    0.460426] NetLabel: Initializing
[    0.461450] NetLabel:  domain hash size = 128
[    0.464001] NetLabel:  protocols = UNLABELED CIPSOv4 CALIPSO
[    0.468019] NetLabel:  unlabeled traffic allowed by default
[    0.476092] clocksource: Switched to clocksource kvm-clock
[    0.514762] VFS: Disk ot dot.6
  0.733711] VFS: Dquot-cache hash talentries: 512 rd 040 bytes)

[    1.055786] AppArmor: AppArmor Filesystem Enabled
[    1.058045] pnp: PnP ACPI init
[    1.061887] pnp: PnP ACPI: found 3 devices
[    1.078119] clocksource: acpi_pm: mask: 0xffffff max_cycles: 0xffffff, max_idle_ns: 2085701024 ns
[    1.082540] NET: Registered protocolfamily 2

[    1.113007] TCP established hash table entries: 8192 (order: 4, 656 te
  1.6480] TCP bind hash table entries: 8192 (order: 5, 131072 bytes)
[    1.355194] TCP: Hash tables configured (established 8192 bind 8192)
[    1.357077] UDP hash table entries: 512 (order: 2, 16384 bytes)
[    1.358775] UDP-Lite hash table entries: 512 (order: 2, 16384 bytes)
[    1.3064 N: gier ptol mily 1
[    1.724011] pci 0000:00:00.: mingirect PCI/PCI transfers
[  1805]ci0000:01.0: Activating ISA DMA hang workarounds

[    2.136951] pci 0000:00:02.0: Video device with shadowed ROM at [mem 0x000c0000-0x000dffff]
[    2.141129] Unpacking initramfs...
[    2.428121] Freeing initrd memory: 19508K
[    2.469809] platform rtc_cmos: registered platform RTC device (no PNP device found)
[    2.511596] Scanning for low memory corruption every 60 seconds
[    2.590271] Initialise system trusted keyrings
[    2.667326] Key type blacklist registered
[    2.720475] workingset: timestamp_bits=36 max_order=18 bucket_order=0
[    2.831658] zbud: loaded
[    2.848618] squashfs: version 4.0 (2009/01/31) Phillip Lougher
[    2.911273] fuse init (API version 7.26)
[    2.954865] Key type asymmetric registered
[    2.955816] Asymmetric key parser 'x509' registered
[    2.956997] Block layer SCSI generic (bsg) driver version 0.4 loaded (major 246)
[    2.989603] io scheduler noop registered
[  2995] io scheledeline registered

[    3.265396] io scheduler cfq registered (default)
[    3.268171] ACPI: AC Adapter [AC] (on-line)
[    3.270076] input: Power Button as /devices/LNXSYSTM:00/LNXPWRBN:00/input/input0
[    3.273644] ACPI: Power Button [PWRF]
[    3.277203] input: Sleep Button as /devices/LNXSYSTM:00/LNXSLPBN:00/input/input1
[    3.280464] ACPI: Sleep Button [SLPF]
[    3.285024] ACPI: Battery Slot [BAT0] (battery present)
[    3.287945] Serial: 8250/16550 driver, 32 ports, IRQ sharing enabled
[  3278]00:02:ttySat/Ox3 (q 4,asbad = 115200) is a 16550A
[   3.52] c:Refined TSC clocksource calibration: 2303.999 MHz
[    3.485276] clocksource: tsc: mask: 0xffffffffffffffff max_cycles: 0x2135f6faae8, max_idle_ns: 440795313647 ns
[    4.096899] Linux agpgart interface v0.103
[    4.099269] loop: module loaded
[    4.100654] scsi host0: ata_piix
[    4.101559] scsi host1: ata_piix
[    4.102341] ata1: PATA max UDMA/33 cmd 0x1f0 ctl 0x3f6 bmdma 0xd000 irq 14
[    4.104018] ata2: PATA max UDMA/33 cmd 0x170 ctl 0x376 bmdma 0xd008 irq 15
[    4.105619] libphy: Fixed MDIO Bus: probed
[    4.106638] tun: Universal TUN/TAP device driver, 1.6
[    4.107857] PPP generic driver version 2.4.2
[    4.126843] ehci_hcd: USB 2.0 'Enhanced' Host Controller (EHCI) Driver
[    4.154124] ehci-pci: EHCI PCI platform driver
[    4.189258] ehci-platform: EHCI generic platform driver
[    4.214750] ohci_hcd: USB 1.1 'Open' Host Controller (OHCI) Driver
[    4.246092] ohci-pci: OHCI PCI platform driver
[    4.247416] ohci-platform: OHCI generic platform driver
[    4.282456] uhci_hcd: USB Universal Host Controller Interface driver
[    4.302457] i8042: PNP: PS/2 Controller [PNP0303:PS2K,PNP0f03:PS2M] at 0x60,0x64 irq 1,12
[    4.325422] serio: i8042 KBD port at 0x60,0x64 irq 1
[    4.326907] serio: i8042 AUX port at 0x60,0x64 irq 12
[    4.328746] mousedev: PS/2 mouse device common for all mice
[    4.331505] rtc_cmos rtc_cmos: rtc core: registered rtc_cmos as rtc0
[    4.333216] input: AT Translated Set 2 keyboard as /devices/platform/i8042/serio0/input/input2
[    4.335203] rtc_cmos rtc_cmos: alarms up to one day, 114 bytes nvram
[    4.336818] i2c /dev entries driver
[    4.337641] pcie_mp2_amd: AMD(R) PCI-E MP2 Communication Driver Version: 1.0
[    4.339258] device-mapper: uevent: version 1.0.3
[    4.340576] device-mapper: ioctl: 4.37.0-ioctl (2017-09-20) initialised: dm-devel@redhat.com
[    4.342667] ledtrig-cpu: registered to indicate activity on CPUs
[    4.345172] NET: Registered protocol family 10
[    4.350815] Segment Routing with IPv6
[    4.352154] NET: Registered protocol family 17
[    4.357412] Key type dns_resolver registered
[    4.359471] RAS: Correctable Errors collector initialized.
[    4.362119] sched_clock: Marking stable (4362090881, 0)->(8584518220, -4222427339)
[    4.372476] registered taskstats version 1
[    4.374403] Loading compiled-in X.509 certificates
[    4.379998] Loaded X.509 cert 'Build time autogenerated kernel key: e3b8f44ffaaceef3e3a84cfaebd8e5a9acebeaad'
[    4.389920] zswap: loaded using pool lzo/zbud
[    4.398423] Key type big_key registered
[    4.400432] Key type trusted registered
[    4.404723] Key type encrypted registered
[    4.406447] AppArmor: AppArmor sha1 policy hashing enabled
[    4.408755] ima: No TPM chip found, activating TPM-bypass! (rc=-19)
[    4.411610] ima: Allocated hash algorithm: sha1
[    4.414809] evm: HMAC attrs: 0x1
[    4.421154]   Magic number: 7:155:416
[    4.422179] rtc_cmos rtc_cmos: setting system clock to 2019-02-17 05:24:48 UTC (1550381088)
[    4.426223] BIOS EDD facility v0.16 2004-Jun-25, 0 devices found
[    4.428093] EDD information not available.
[    4.436932] Freeing unused kernel memory: 2408K
[    4.460171] Write protecting the kernel read-only data: 20480k
[    4.524342] Freeing unused kernel memory: 2008K
[    4.539516] Freeing unused kernel memory: 1892K
[    4.574698] x86/mm: Checked W+X mappings: passed, no W+X pages found.
[    4.599868] x86/mm: Checking user space page tables
[    4.611333] x86/mm: Checked W+X mappings: passed, no W+X pages found.
Loading, please wait...
starting version 237
[    4.685863] Fusion MPT base driver 3.04.20
[    4.687123] Copyright (c) 1999-2008 LSI Corporation
[    4.690365] e1000: Intel(R) PRO/1000 Network Driver - version 7.3.21-k8-NAPI
[    4.692443] e1000: Copyright (c) 1999-2006 Intel Corporation.
[    4.698778] Fusion MPT SPI Host driver 3.04.20
[    4.716890] AVX2 version of gcm_enc/dec engaged.
[    4.718009] AES CTR mode by8 optimization enabled
[    4.909195] input: ImExPS/2 Generic Explorer Mouse as /devices/platform/i8042/serio1/input/input4
[    5.110420] e1000 0000:00:03.0 eth0: (PCI:33MHz:32-bit) 02:3c:7c:50:53:2f
[    5.231059] e1000 0000:00:03.0 eth0: Intel(R) PRO/1000 Network Connection
[    5.327577] mptbase: ioc0: Initiating bringup
[    5.452333] ioc0: LSI53C1030 A0: Capabilities={Initiator}
[    5.703229] scsi host2: ioc0: LSI53C1030 A0, FwRev=00000000h, Ports=1, MaxQ=256, IRQ=20
[    5.873722] scsi 2:0:0:0: Direct-Access     VBOX     HARDDISK         1.0  PQ: 0 ANSI: 5
[    6.028138] scsi target2:0:0: Beginning Domain Validation
[    6.030982] scsi target2:0:0: Domain Validation skipping write tests
[    6.032893] scsi target2:0:0: Ending Domain Validation
[    6.034461] scsi target2:0:0: asynchronous
[    6.036061] scsi 2:0:1:0: Direct-Access     VBOX     HARDDISK         1.0  PQ: 0 ANSI: 5
[    6.269122] scsi target2:0:1: Beginning Domain Validation
[    6.288792] random: fast init done
[    6.290430] scsi target2:0:1: Domain Validation skipping write tests
[    6.292344] scsi target2:0:1: Ending Domain Validation
[    6.293912] scsi target2:0:1: asynchronous
[    6.297892] e1000 0000:00:08.0 eth1: (PCI:33MHz:32-bit) 08:00:27:75:45:06
[    6.297897] random: systemd-udevd: uninitialized urandom read (16 bytes read)
[    6.297914] random: systemd-udevd: uninitialized urandom read (16 bytes read)
[    6.297917] random: systemd-udevd: uninitialized urandom read (16 bytes read)
[    6.299119] sd 2:0:0:0: Attached scsi generic sg0 type 0
[    6.299400] sd 2:0:1:0: Attached scsi generic sg1 type 0
[    6.299890] sd 2:0:0:0: [sda] 20971520 512-byte logical blocks: (10.7 GB/10.0 GiB)
[    6.300142] sd 2:0:0:0: [sda] Write Protect is off
[    6.300330] sd 2:0:0:0: [sda] Incomplete mode parameter data
[    6.300331] sd 2:0:0:0: [sda] Assuming drive cache: write through
[    6.306491]  sda: sda1
[    6.307255] sd 2:0:0:0: [sda] Attached SCSI disk
[    6.307621] sd 2:0:1:0: [sdb] 20480 512-byte logical blocks: (10.5 MB/10.0 MiB)
[    6.307681] sd 2:0:1:0: [sdb] Write Protect is off
[    6.307785] sd 2:0:1:0: [sdb] Incomplete mode parameter data
[    6.307786] sd 2:0:1:0: [sdb] Assuming drive cache: write through
[    6.309764] sd 2:0:1:0: [sdb] Attached SCSI disk
[    6.578465] e1000 0000:00:08.0 eth1: Intel(R) PRO/1000 Network Connection
[    6.581827] e1000 0000:00:03.0 enp0s3: renamed from eth0
[    6.604513] e1000 0000:00:08.0 enp0s8: renamed from eth1
Begin: Loading essential drivers ... [    8.012182] raid6: sse2x1   gen() 12375 MB/s
[    8.064288] raid6: sse2x1   xor()  9069 MB/s
[    8.124259] raid6: sse2x2   gen() 15336 MB/s
[    8.188155] raid6: sse2x2   xor() 10045 MB/s
[    8.264587] raid6: sse2x4   gen() 17513 MB/s
[    8.356244] raid6: sse2x4   xor() 10486 MB/s
[    8.408276] raid6: avx2x1   gen() 24811 MB/s
[    8.476211] raid6: avx2x1   xor() 17278 MB/s
[    8.548217] raid6: avx2x2   gen() 30375 MB/s
[    8.596302] raid6: avx2x2   xor() 19053 MB/s
[    8.684292] raid6: avx2x4   gen() 34484 MB/s
[    8.752118] raid6: avx2x4   xor() 20488 MB/s
[    8.758807] raid6: using algorithm avx2x4 gen() 34484 MB/s
[    8.761629] raid6: .... xor() 20488 MB/s, rmw enabled
[    8.763109] raid6: using avx2x2 recovery algorithm
[    8.765680] xor: automatically using best checksumming function   avx       
[    8.778441] async_tx: api initialized (async)
done.
Begin: Running /scripts/init-premount ... done.
Begin: Mounting root file system ... Begin: Running /scripts/local-top ... done.
Begin: Running /scripts/local-premount ... [    8.844774] Btrfs loaded, crc32c=crc32c-intel
Scanning for Btrfs filesystems
done.
Warning: fsck not present, so skipping root file system
[    8.890985] EXT4-fs (sda1): mounted filesystem with ordered data mode. Opts: (null)
done.
Begin: Running /scripts/local-bottom ... done.
Begin: Running /scripts/init-bottom ... done.
[    9.141312] ip_tables: (C) 2000-2006 Netfilter Core Team
[    9.201959] systemd[1]: systemd 237 running in system mode. (+PAM +AUDIT +SELINUX +IMA +APPARMOR +SMACK +SYSVINIT +UTMP +LIBCRYPTSETUP +GCRYPT +GNUTLS +ACL +XZ +LZ4 +SECCOMP +BLKID +ELFUTILS +KMOD -IDN2 +IDN -PCRE2 default-hierarchy=hybrid)
[    9.391224] systemd[1]: Detected virtualization oracle.
[    9.392772] systemd[1]: Detected architecture x86-64.

Welcome to [1mUbuntu 18.04.1 LTS[0m!

[    9.441843] systemd[1]: Set hostname to <ubuntu-bionic>.
[    9.925353] systemd[1]: Created slice System Slice.
[[0;32m  OK  [0m] Created slice System Slice.
[    9.932078] systemd[1]: Listening on Journal Socket.
[[0;32m  OK  [0m] Listening on Journal Socket.
[    9.939245] systemd[1]: Starting Remount Root and Kernel File Systems...
         Starting Remount Root and Kernel File Systems...
[    9.951987] systemd[1]: Created slice system-serial\x2dgetty.slice.
[    9.957399] EXT4-fs (sda1): re-mounted. Opts: (null)
[[0;32m  OK  [0m] Created slice system-serial\x2dgetty.slice.
[    9.965855] systemd[1]: Listening on Device-mapper event daemon FIFOs.
[[0;32m  OK  [0m] Listening on Device-mapper event daemon FIFOs.
[    9.972277] systemd[1]: Set up automount Arbitrary Executable File Formats File System Automount Point.
[[0;32m  OK  [0m] Set up automount Arbitrary Executabâ€¦rmats File System Automount Point.
[[0;32m  OK  [0m] Listening on Journal Socket (/dev/log).
         Mounting POSIX Message Queue File System...
[[0;32m  OK  [0m] Created slice User and Session Slice.
[[0;32m  OK  [0m] Reached target Slices.
[[0;32m  OK  [0m] Listening on Journal Audit Socket.
         Starting Load Kernel Modules...
[[0;32m  OK  [0m] Listening on udev Kernel Socket.
[   10.152094] Loading iSCSI transport class v2.0-870.
         Mounting Kernel Debug File System...
         Mounting Huge Pages File System...
         Starting Create list of required stâ€¦ce nodes for the current kernel...
[   10.162109] iscsi: registered transport (tcp)
         Starting Uncomplicated [   10.181909] iscsi: registered transport (iser)
firewall...
[[0;32m  OK  [0m] Started Forward Password Requests to Wall Directory Watch.
[[0;32m  OK  [0m] Reached target Swap.
[[0;32m  OK  [0m] Listening on udev Control Socket.
         Starting udev Coldplug all Devices...
[[0;32m  OK  [0m] Listening on Network Service Netlink Socket.
[[0;32m  OK  [0m] Listening on Syslog Socket.
[[0;32m  OK  [0m] Reached target System Time Synchronized.
         Starting Journal Service...
[[0;32m  OK  [0m] Reached target User and Group Name Lookups.
[[0;32m  OK  [0m] Listening on LVM2 metadata daemon socket.
         Starting Monitoring of LVM2 mirrorsâ€¦ng dmeventd or progress polling...
[[0;32m  OK  [0m] Listening on LVM2 poll daemon socket.
[[0;32m  OK  [0m] Listening on /dev/initctl Compatibility Named Pipe.
         Starting Set the console keyboard layout...
[[0;32m  OK  [0m] Started Journal Service.
[[0;32m  OK  [0m] Started Remount Root and Kernel File Systems.
[[0;32m  OK  [0m] Mounted POSIX Message Queue File System.
[[0;32m  OK  [0m] Started Load Kernel Modules.
[[0;32m  OK  [0m] Mounted Kernel Debug File System.
[[0;32m  OK  [[   10.761212] random: crng init done
[   10.780899] random: 7 urandom warning(s) missed due to ratelimiting
0m] Mounted Huge Pages File System.
[[0;32m  OK  [0m] Started Create list of required staâ€¦vice nodes for the current kernel.
[[0;32m  OK  [0m] Started Uncomplicated firewall.
[[0;32m  OK  [0m] Started Set the console keyboard layout.
[[0;32m  OK  [0m] Started udev Coldplug all Devices.
[[0;32m  OK  [0m] Started LVM2 metadata daemon.
         Starting Create Static Device Nodes in /dev...
         Starting Apply Kernel Variables...
         Mounting Kernel Configuration File System...
         Mounting FUSE Control File System...
         Starting Load/Save Random Seed...
         Starting Initial cloud-init job (pre-networking)...
         Starting Flush Journal to Persistent Storage...
[[0;32m  OK  [0m] Started Monitoring of LVM2 mirrors,â€¦sing dmeventd or progress polling.
[[0;32m  OK  [0m] Started Create Static Device Nodes in /dev.
[[0;32m  OK  [0m] Mounted Kernel Configuration File System.
[[0;32m  OK  [0m] Mounted FUSE Control File System.
[[0;32m  OK  [0m] Started Load/Save Random Seed.
         Starting udev Kernel Device Manager...
[[0;32m  OK  [0m] Reached target Local File Systems (Pre).
[[0;32m  OK  [0m] Reached target Local File Systems.
         Starting Set console font and keymap...
         Starting Tell Plymouth To Write Out Runtime Data...
         Starting ebtables ruleset management...
         Starting AppArmor initialization...
[[0;32m  OK  [0m] Started Apply Kernel Variables.
[[0;32m  OK  [0m] Started udev Kernel Device Manager.
[[0;32m  OK  [0m] Started Dispatch Password Requests to Console Directory Watch.
[[0;32m  OK  [0m] Reached target Local Encrypted Volumes.
[[0;32m  OK  [0m] Started Set console font and keymap.
[[0;32m  OK  [0m] Started Tell Plymouth To Write Out Runtime Data.
[[0;32m  OK  [0m] Started Flush Journal to Persistent Storage.
         Starting Create Volatile Files and Directories...
[[0;32m  OK  [0m] Found device /dev/ttyS0.
[[0;32m  OK  [0m] Started Create Volatile Files and Directories.
         Starting Update UTMP about System Boot/Shutdown...
[[0;32m  OK  [0m] Started ebtables ruleset management.
[[0;32m  OK  [0m] Started Update UTMP about System Boot/Shutdown.
[[0;32m  OK  [0m] Listening on Load/Save RF Kill Switch Status /dev/rfkill Watch.
[[0;32m  OK  [0m] Started AppArmor initialization.
[   12.713411] cloud-init[429]: Cloud-init v. 18.4-0ubuntu1~18.04.1 running 'init-local' at Sun, 17 Feb 2019 05:24:56 +0000. Up 12.52 seconds.
[[0;32m  OK  [0m] Started Initial cloud-init job (pre-networking).
[[0;32m  OK  [0m] Reached target Network (Pre).
         Starting Network Service...
[[0;32m  OK  [0m] Started Network Service.
         Starting Wait for Network to be Configured...
         Starting Network Name Resolution...
[[0;32m  OK  [0m] Started Network Name Resolution.
[[0;32m  OK  [0m] Reached target Network.
[[0;32m  OK  [0m] Reached target Host and Network Name Lookups.
[[0;32m  OK  [0m] Started Wait for Network to be Configured.
         Starting Initial cloud-init job (metadata service crawler)...
[   15.314318] cloud-init[696]: Cloud-init v. 18.4-0ubuntu1~18.04.1 running 'init' at Sun, 17 Feb 2019 05:24:59 +0000. Up 15.19 seconds.
[   15.331319] cloud-init[696]: ci-info: ++++++++++++++++++++++++++++++++++++++Net device info+++++++++++++++++++++++++++++++++++++++
[   15.349137] cloud-init[696]: ci-info: +--------+------+-----------------------------+---------------+--------+-------------------+
[   15.356911] cloud-init[696]: ci-info: | Device |  Up  |           Address           |      Mask     | Scope  |     Hw-Address    |
[   15.368247] cloud-init[696]: ci-info: +--------+------+-----------------------------+---------------+--------+-------------------+
[   15.415726] cloud-init[696]: ci-info: | enp0s3 | True |          10.0.2.15          | 255.255.255.0 | global | 02:3c:7c:50:53:2f |
[   15.419252] cloud-init[696]: ci-info: | enp0s3 | True |  fe80::3c:7cff:fe50:532f/64 |       .       |  link  | 02:3c:7c:50:53:2f |
[   15.422352] cloud-init[696]: ci-info: | enp0s8 | True |        192.168.33.10        | 255.255.255.0 | global | 08:00:27:75:45:06 |
[   15.425013] cloud-init[696]: ci-info: | enp0s8 | True | fe80::a00:27ff:fe75:4506/64 |       .       |  link  | 08:00:27:75:45:06 |
[   15.427914] cloud-init[696]: ci-info: |   lo   | True |          127.0.0.1          |   255.0.0.0   |  host  |         .         |
[   15.440207] cloud-init[696]: ci-info: |   lo   | True |           ::1/128           |       .       |  host  |         .         |
[   15.449211] cloud-init[696]: ci-info: +--------+------+-----------------------------+---------------+--------+-------------------+
[   15.456716] cloud-init[696]: ci-info: +++++++++++++++++++++++++++++Route IPv4 info+++++++++++++++++++++++++++++
[   15.466689] cloud-init[696]: ci-info: +-------+--------------+----------+-----------------+-----------+-------+
[   15.476489] cloud-init[696]: ci-info: | Route | Destination  | Gateway  |     Genmask     | Interface | Flags |
[   15.485258] cloud-init[696]: ci-info: +-------+--------------+----------+-----------------+-----------+-------+
[   15.490830] cloud-init[696]: ci-info: |   0   |   0.0.0.0    | 10.0.2.2 |     0.0.0.0     |   enp0s3  |   UG  |
[   15.512451] cloud-init[696]: ci-info: |   1   |   10.0.2.0   | 0.0.0.0  |  255.255.255.0  |   enp0s3  |   U   |
[   15.517920] cloud-init[696]: ci-info: |   2   |   10.0.2.2   | 0.0.0.0  | 255.255.255.255 |   enp0s3  |   UH  |
[   15.524844] cloud-init[696]: ci-info: |   3   | 192.168.33.0 | 0.0.0.0  |  255.255.255.0  |   enp0s8  |   U   |
[   15.544189] cloud-init[696]: ci-info: +-------+--------------+----------+-----------------+-----------+-------+
[   15.581498] cloud-init[696]: ci-info: +++++++++++++++++++Route IPv6 info+++++++++++++++++++
[   15.583816] cloud-init[696]: ci-info: +-------+-------------+---------+-----------+-------+
[[0;32m  OK  [0m] Started Initial cloud-init job (metadata service crawler).
[[0;32m  OK  [0m] Reached target System Initialization.
[   15.598315] cloud-init[696]: ci-info: | Route | Destination | Gateway | Interface | Flags |
[[0;32m  OK  [0m] Started Message of the Day.
[   15.747167] cloud-init         Starting Socket activation for snappy daemon.
[696]: [[0;32m  OK  [0m] Listening on D-Bus System Message Bus Socket.
ci-info: +-------+-------------+---------+-----------+-------+
[[0;32m  OK  [0m] Listening on Open-iSCSI iscsid Socket.
[[0;32m  OK  [0m] Listening on UUID daemon activation socket.
[[0;32m  OK  [0m] Started Discard unused blocks once a week.
[[   15.787650] cloud-init[696]: ci-info: |   1   |  fe80::/64  |    ::   |   enp0s8  |   U   |
[   15.836602] cloud-init[696]: ci-info: |   2   |  fe80::/64  |    ::   |   enp0s3  |   U   |
[   15.836950] cloud-init[696]: ci-info: |   4   |    local    |    ::   |   enp0s3  |   U   |
[   15.837355] cloud-init[696]: ci-info: |   5   |    local    |    ::   |   enp0s8  |   U   |
[   15.837807] cloud-init[696]: ci-info: |   6   |   ff00::/8  |    ::   |   enp0s8  |   U   |
[   15.838244] cloud-init[696]: ci-info: |   7   |   ff00::/8  |    ::   |   enp0s3  |   U   |
[   15.838592] cloud-init[696]: ci-info: +-------+-------------+---------+-----------+-------+
[0;32m  OK  [0m] Listening on ACPID Listen Socket.
[[0;32m  OK  [0m] Started ACPI Events Check.
[[0;32m  OK  [0m] Reached target Paths.
[[0;32m  OK  [0m] Started Daily Cleanup of Temporary Directories.
         Starting LXD - unix socket.
[[0;32m  OK  [0m] Started Daily apt download activities.
[[0;32m  OK  [0m] Started Daily apt upgrade and clean activities.
[[0;32m  OK  [0m] Reached target Timers.
[[0;32m  OK  [0m] Reached target Network is Online.
         Starting Availability of block devices...
[[0;32m  OK  [0m] Reached target Remote File Systems (Pre).
[[0;32m  OK  [0m] Reached target Remote File Systems.
[[0;32m  OK  [0m] Reached target Cloud-config availability.
[[0;32m  OK  [0m] Listening on Socket activation for snappy daemon.
[[0;32m  OK  [0m] Listening on LXD - unix socket.
[[0;32m  OK  [0m] Started Availability of block devices.
[[0;32m  OK  [0m] Reached target Sockets.
[[0;32m  OK  [0m] Reached target Basic System.
[[0;32m  OK  [0m] Started FUSE filesystem for LXC.
         Starting Permit User Sessions...
         Starting Snappy daemon...
         Starting System Logging Service...
[[0;32m  OK  [0m] Started D-Bus System Message Bus.
         Starting Accounts Service...
[[0;32m  OK  [0m] Started Deferred execution scheduler.
[[0;32m  OK  [0m] Started Regular background program processing daemon.
         Starting LXD - container startup/shutdown...
         Starting OpenBSD Secure Shell server...
         Starting LSB: Record successful boot for GRUB...
         Starting vboxadd.service...
         Starting Dispatcher daemon for systemd-networkd...
         Starting LSB: automatic crash report generation...
[[0;32m  OK  [0m] Started irqbalance daemon.
         Starting Login Service...
[[0;32m  OK  [0m] Started System Logging Service.
[[0;32m  OK  [0m] Started Snappy daemon.
[[0;32m  OK  [0m] Started Permit User Sessions.
[[0;32m  OK  [0m] Started OpenBSD Secure Shell server.
[[0;32m  OK  [0m] Started LXD - container startup/shutdown.
[[0;32m  OK  [0m] Started Login Service.
[[0;32m  OK  [0m] Started Unattended Upgrades Shutdown.
         Starting Authorization Manager...
         Starting Hold until boot process finishes up...
         Starting Terminate Plymouth Boot Screen...
         Starting Wait until snapd is fully seeded...
[[0;32m  OK  [0m] Started Hold until boot process finishes up.
[[0;32m  OK  [0m] Started Terminate Plymouth Boot Screen.
[[0;32m  OK  [0m] Started LSB: Record successful boot for GRUB.
[[0;32m  OK  [0m] Started LSB: automatic crash report generation.
[[0;32m  OK  [0m] Started Authorization Manager.
[[0;32m  OK  [0m] Started Accounts Service.
[[0;32m  OK  [0m] Started Dispatcher daemon for systemd-networkd.
[[0;32m  OK  [0m] Started Wait until snapd is fully seeded.
         Starting Apply the settings specified in cloud-config...
[[0;32m  OK  [0m] Started Serial Getty on ttyS0.
         Starting Set console scheme...
[[0;32m  OK  [0m] Started Set console scheme.
[[0;32m  OK  [0m] Created slice system-getty.slice.
[[0;32m  OK  [0m] Started Getty on tty1.
[[0;32m  OK  [0m] Reached target Login Prompts.
[[0;32m  OK  [0m] Started vboxadd.service.
         Starting vboxadd-service.service...
[[0;32m  OK  [0m] Started vboxadd-service.service.
[[0;32m  OK  [0m] Reached target Multi-User System.
[[0;32m  OK  [0m] Reached target Graphical Interface.
         Starting Update UTMP about System Runlevel Changes...
[[0;32m  OK  [0m] Started Update UTMP about System Runlevel Changes.
[   17.504290] cloud-init[1061]: Cloud-init v. 18.4-0ubuntu1~18.04.1 running 'modules:config' at Sun, 17 Feb 2019 05:25:01 +0000. Up 17.41 seconds.
[[0;32m  OK  [0m] Started Apply the settings specified in cloud-config.
         Starting Execute cloud user/final scripts...
[   18.002272] cloud-init[1207]: Cloud-init v. 18.4-0ubuntu1~18.04.1 running 'modules:final' at Sun, 17 Feb 2019 05:25:01 +0000. Up 17.91 seconds.
[[0;32m  OK  [0m] Started Execute cloud user/final scripts.
[[0;32m  OK  [0m] Reached target Cloud-init target.
[   18.054308] cloud-init[1207]: Cloud-init v. 18.4-0ubuntu1~18.04.1 finished at Sun, 17 Feb 2019 05:25:02 +0000. Datasource DataSourceNoCloud [seed=/dev/sdb][dsmode=net].  Up 17.99 seconds

Ubuntu 18.04.1 LTS ubuntu-bionic ttyS0

ubuntu-bionic login: [[0;32m  OK  [0m] Stopped target Host and Network Name Lookups.
         Stopping Session 3 of user vagrant.
[[0;32m  OK  [0m] Closed Load/Save RF Killi         Stopping LXD - container startup/shutdown...
         Stopping D-Bus System Message Bus...
         Stopping Dispatcher daemon for systemd-networkd...
         Stopping Unattended Upgrades Shutdown...
[[0;32m  OK  [0m] Unmounted /var/lib/lxcfs.
[[0;32m  OK  [0m] Stopped System Logging Service.
[[0;32m  OK  [0m] Stopped Accounts Service.
[[0;32m  OK  [0m] Stopped Deferred execution scheduler.
[[0;32m  OK  [0m] Stopped Regular background program processing daemon.
[[0;32m  OK  [0m] Stopped Dispatcher daemon for systemd-networkd.
[[0;32m  OK  [0m] Stopped irqbalance daemon.
[[0;32m  OK  [0m] Stopped OpenBSD Secure Shell server.
[[0;32m  OK  [0m] Stopped Unattended Upgrades Shutdown.
[[0;32m  OK  [0m] Stopped Authorization Manager.
[[0;32m  OK  [0m] Stopped Serial Getty on ttyS0.
[[0;32m  OK  [0m] Stopped Getty on tty1.
[[0;32m  OK  [0m] Stopped User Manager for UID 1000.
[[0;32m  OK  [0m] Stopped Snappy daemon.
[[0;32m  OK  [0m] Stopped Availability of block devices.
[[0;32m  OK  [0m] Stopped vboxadd-service.service.
[[0;32m  OK  [0m] Stopped D-Bus System Message Bus.
[[0;32m  OK  [0m] Stopped FUSE filesystem for LXC.
[[0;32m  OK  [0m] Stopped Session 3 of user vagrant.
[[0;32m  OK  [0m] Stopped Session 13 of user vagrant.
[[0;32m  OK  [0m] Stopped LXD - container startup/shutdown.
[[0;32m  OK  [0m] Stopped LSB: automatic crash report generation.
[[0;32m  OK  [0m] Stopped LSB: Record successful boot for GRUB.
         Stopping vboxadd.service...
[[0;32m  OK  [0m] Removed slice User Slice of vagrant.
[[0;32m  OK  [0m] Removed slice system-getty.slice.
         Stopping Permit User Sessions...
[[0;32m  OK  [0m] Removed slice system-serial\x2dgetty.slice.
         Stopping Login Service...
[[0;32m  OK  [0m] Unmounted /vagrant.
[[0;32m  OK  [0m] Stopped vboxadd.service.
[[0;32m  OK  [0m] Stopped Permit User Sessions.
[[0;32m  OK  [0m] Stopped target Remote File Systems.
[[0;32m  OK  [0m] Stopped target Remote File Systems (Pre).
[[0;32m  OK  [0m] Stopped target Network.
         Stopping Network Name Resolution...
[[0;32m  OK  [0m] Stopped Network Name Resolution.
[[0;32m  OK  [0m] Stopped Login Service.
[[0;32m  OK  [0m] Stopped target User and Group Name Lookups.
[[0;32m  OK  [0m] Stopped target Basic System.
[[0;32m  OK  [0m] Stopped target Slices.
[[0;32m  OK  [0m] Removed slice User and Session Slice.
[[0;32m  OK  [0m] Stopped target Paths.
[[0;32m  OK  [0m] Stopped ACPI Events Check.
[[0;32m  OK  [0m] Stopped target Sockets.
[[0;32m  OK  [0m] Closed UUID daemon activation socket.
[[0;32m  OK  [0m] Closed D-Bus System Message Bus Socket.
[[0;32m  OK  [0m] Closed ACPID Listen Socket.
[[0;32m  OK  [0m] Closed LXD - unix socket.
[[0;32m  OK  [0m] Closed Socket activation for snappy daemon.
[[0;32m  OK  [0m] Closed Syslog Socket.
[[0;32m  OK  [0m] Closed Open-iSCSI iscsid Socket.
[[0;32m  OK  [0m] Stopped target System Initialization.
[[0;32m  OK  [0m] Stopped target Local Encrypted Volumes.
[[0;32m  OK  [0m] Stopped Dispatch Password Requests to Console Directory Watch.
[[0;32m  OK  [0m] Stopped Forward Password Requests to Wall Directory Watch.
         Stopping Update UTMP about System Boot/Shutdown...
[[0;32m  OK  [0m] Stopped Initial cloud-init job (metadata service crawler).
         Stopping Load/Save Random Seed...
         Stopping Network Service...
[[0;32m  OK  [0m] Stopped Load/Save Random Seed.
[[0;32m  OK  [0m] Stopped Update UTMP about System Boot/Shutdown.
[[0;32m  OK  [0m] Stopped Create Volatile Files and Directories.
[[0;32m  OK  [0m] Stopped target Local File Systems.
         Unmounting /run/user/1000...
[[0;32m  OK  [0m] Stopped Network Service.
[[0;32m  OK  [0m] Unmounted /run/user/1000.
[[0;32m  OK  [0m] Reached target Unmount All Filesystems.
[[0;32m  OK  [0m] Stopped target Swap.
[[0;32m  OK  [0m] Stopped target Local File Systems (Pre).
[[0;32m  OK  [0m] Stopped Create Static Device Nodes in /dev.
         Stopping Monitoring of LVM2 mirrorsâ€¦ng dmeventd or progress polling...
[[0;32m  OK  [0m] Stopped target Network (Pre).
[[0;32m  OK  [0m] Stopped Initial cloud-init job (pre-networking).
[[0;32m  OK  [0m] Stopped Remount Root and Kernel File Systems.
[[0;32m  OK  [0m] Stopped Apply Kernel Variables.
[[0;32m  OK  [0m] Stopped Load Kernel Modules.
[[0;32m  OK  [0m] Reached target Shutdown.
[[0;32m  OK  [0m] Reached target Final Step.
         Starting Power-Off...
[[0;32m  OK  [0m] Stopped Monitoring of LVM2 mirrors,â€¦sing dmeventd or progress polling.
         Stopping LVM2 metadata daemon...
[[0;32m  OK  [0m] Stopped LVM2 metadata daemon.
[24006.951173] reboot: Power down
